<html>
    <head>
        <title>hello tag</title>
    </head>
    <body><pre><span>Praesent semper feugiat nibh s
ed. </span>Enim nec dui nunc mattis enim ut tellus ele
  mentum. Sit amet tellus cras adipiscing. F
aucibus ornare suspendisse sed nisi lacus sed viverra. D
  ictum fusce ut placerat orci. Nibh cras pulvinar mattis n
unc sed blandit libero volutpat sed. Facilisis magna etiam tempor orci eu lobor
  tis elementum. Condimentum lacinia quis vel eros donec ac odio tempor. Ullamcor
per a lacus vestibulum sed arcu non odio. Habitant mor
  bi tristique senectus et netus et <span>malesuada. Posu
ere ac ut consequat semper viverra nam libero ju</span>sto laoreet.</pre></body>
</html>
